
============================================================
PHASE 1: Preflight and Dirty-State Detection
============================================================
[2026-10-02 18:52:02] Inspecting existing KijaniKiosk state...
[2026-10-02 18:52:02] Already exists: group kijanikiosk
[2026-10-02 18:52:02] Already exists: kk-api (UID 997)
[2026-10-02 18:52:02] Already exists: kk-payments (UID 994)
[2026-10-02 18:52:02] Already exists: kk-logs (UID 993)
[2026-10-02 18:52:02] Existing config directory detected with mode: 750
[2026-10-02 18:52:02] Existing shared log directory detected
[2026-10-02 18:52:02] Existing ACL detected for kk-api
[2026-10-02 18:52:02] Existing ACL detected for kk-payments
[2026-10-02 18:52:02] Existing ACL detected for kk-logs
[2026-10-02 18:52:02] Detected held package: curl
[2026-10-02 18:52:02] Detected active UFW configuration
[2026-10-02 18:52:02] Detected stale/existing port 3001 deny rule
[2026-10-02 18:52:03] Existing systemd unit detected: kk-api.service
[2026-10-02 18:52:03] Existing systemd unit detected: kk-payments.service
[2026-10-02 18:52:03] Existing systemd unit detected: kk-logs.service

============================================================
PHASE 2: Service Accounts and Groups
============================================================
[2026-10-02 18:52:03] Already exists: group kijanikiosk
[2026-10-02 18:52:03] Already exists: kk-api
[2026-10-02 18:52:03] Already exists: kk-payments
[2026-10-02 18:52:03] Already exists: kk-logs

============================================================
PHASE 3: Directories, Permissions and ACLs
============================================================
[2026-10-02 18:52:03] Required KijaniKiosk directories exist
[2026-10-02 18:52:03] Converged config directory to root:kijanikiosk mode 750
[2026-10-02 18:52:03] Converged shared log ACL and default ACL
[2026-10-02 18:52:03] Configured health directory

============================================================
PHASE 4: Package and Version State
============================================================
[2026-10-02 18:52:03] Package already installed: nginx (1.28.3-2ubuntu1.11)
[2026-10-02 18:52:03] Refreshing package metadata
Hit:1 https://apt.releases.hashicorp.com resolute InRelease
Hit:2 http://security.ubuntu.com/ubuntu resolute-security InRelease
Hit:3 http://archive.ubuntu.com/ubuntu resolute InRelease
Hit:4 http://archive.ubuntu.com/ubuntu resolute-updates InRelease
Hit:5 https://dl.google.com/linux/chrome-stable/deb stable InRelease
Hit:6 http://archive.ubuntu.com/ubuntu resolute-backports InRelease
Reading package lists...
[2026-10-02 18:52:05] Installing missing package: curl
Reading package lists...
Building dependency tree...
Reading state information...
curl is already the newest version (8.18.0-1ubuntu2.7).
Solving dependencies...
0 upgraded, 0 newly installed, 0 to remove and 88 not upgraded.
[2026-10-02 18:52:05] Package already installed: acl (2.3.2-2)
[2026-10-02 18:52:05] Package already installed: logrotate (3.22.0-1build1)
[2026-10-02 18:52:05] Package already installed: ufw (0.36.2-9build1)
[2026-10-02 18:52:05] Existing package hold retained: curl
[2026-10-02 18:52:05] Installed nginx version: 1.28.3-2ubuntu1.11
[2026-10-02 18:52:05] Installed curl version: 8.18.0-1ubuntu2.7

============================================================
PHASE 5: Firewall Configuration
============================================================
[2026-10-02 18:52:05] Resetting UFW to known baseline
Backing up 'user.rules' to '/etc/ufw/user.rules.20261002_185206'
Backing up 'before.rules' to '/etc/ufw/before.rules.20261002_185206'
Backing up 'after.rules' to '/etc/ufw/after.rules.20261002_185206'
Backing up 'user6.rules' to '/etc/ufw/user6.rules.20261002_185206'
Backing up 'before6.rules' to '/etc/ufw/before6.rules.20261002_185206'
Backing up 'after6.rules' to '/etc/ufw/after6.rules.20261002_185206'

Default incoming policy changed to 'deny'
(be sure to update your rules accordingly)
Default outgoing policy changed to 'allow'
(be sure to update your rules accordingly)
Rules updated
Rules updated (v6)
Rules updated
Rules updated (v6)
Rules updated
Rules updated
Rules updated (v6)
Rules updated
Rules updated (v6)
Firewall is active and enabled on system startup
[2026-10-02 18:52:07] UFW converged to intended production rules

============================================================
PHASE 6: systemd Service Units and Hardening
============================================================
[2026-10-02 18:52:07] Creating environment files
[2026-10-02 18:52:07] Environment files created with mode 640
[PASS] kk-api can read its EnvironmentFile
[PASS] kk-payments can read its EnvironmentFile
[PASS] kk-logs can read its EnvironmentFile
[PASS] kk-api is running
[PASS] kk-payments is running
[PASS] kk-logs is running

============================================================
PHASE 7: Journal Persistence and Log Rotation
============================================================
[2026-10-02 18:52:11] Configuring persistent journal storage
/home/mwangangi/workspace/moringa/kijaniosk-devops-foundation/week3/friday/kijanikiosk-provision.sh: line 908: /etc/systemd/journald.conf.d/kijanikiosk.conf: No such file or directory
[PASS] Persistent journal directory exists
grep: /etc/systemd/journald.conf.d/kijanikiosk.conf: No such file or directory
[FAIL] Journal storage cap is not configured correctly
[2026-10-02 18:52:11] Created KijaniKiosk logrotate configuration
[FAIL] logrotate --debug failed
warning: logrotate in debug mode does nothing except printing debug messages!  Consider using verbose mode (-v) instead if this is not what you want.

reading config file /etc/logrotate.d/kijanikiosk
Reading state from file: /var/lib/logrotate/status
Allocating hash table for state file, size 64 entries
Creating new state
Creating new state
Creating new state
Creating new state
Creating new state
Creating new state
Creating new state
Creating new state
Creating new state
Creating new state
Creating new state
Creating new state
Creating new state
Creating new state
Creating new state
Creating new state
Creating new state
Creating new state
Creating new state
Creating new state
Creating new state
Creating new state
Creating new state
Creating new state
Creating new state
Creating new state
Creating new state
Creating new state
Creating new state
Creating new state
Creating new state
Creating new state
Creating new state
Creating new state
Creating new state
Creating new state

Handling 1 logs

rotating pattern: /opt/kijanikiosk/shared/logs/kk-api.log
/opt/kijanikiosk/shared/logs/kk-payments.log
/opt/kijanikiosk/shared/logs/kk-logs.log after 1 days empty log files are not rotated, (7 rotations), old logs are removed
considering log /opt/kijanikiosk/shared/logs/kk-api.log
error: skipping "/opt/kijanikiosk/shared/logs/kk-api.log" because parent directory has insecure permissions (It's world writable or writable by group which is not "root") Set "su" directive in config file to tell logrotate which user/group should be used for rotation.
Creating new state
considering log /opt/kijanikiosk/shared/logs/kk-payments.log
error: skipping "/opt/kijanikiosk/shared/logs/kk-payments.log" because parent directory has insecure permissions (It's world writable or writable by group which is not "root") Set "su" directive in config file to tell logrotate which user/group should be used for rotation.
Creating new state
considering log /opt/kijanikiosk/shared/logs/kk-logs.log
error: skipping "/opt/kijanikiosk/shared/logs/kk-logs.log" because parent directory has insecure permissions (It's world writable or writable by group which is not "root") Set "su" directive in config file to tell logrotate which user/group should be used for rotation.
Creating new state

============================================================
PHASE 8: Monitoring Health Checks and Final Verification
============================================================
[2026-10-02 18:52:11] Health check results written to /opt/kijanikiosk/health/last-provision.json
{"timestamp":"2026-10-02T18:52:11+03:00","kk-api":"ok","kk-payments":"ok"}

============================================================
FINAL VERIFICATION
============================================================
[PASS] Service account exists: kk-api
[PASS] Service account exists: kk-payments
[PASS] Service account exists: kk-logs
[PASS] Group exists: kijanikiosk
[PASS] Config directory mode is 750
[PASS] kk-api can read api.env
[PASS] kk-payments can read payments-api.env
[PASS] kk-logs can read logs.env
[PASS] kk-api ACL exists
[PASS] kk-payments ACL exists
[PASS] kk-logs ACL exists
[PASS] Default kk-api ACL exists
[PASS] kk-api service is active
[PASS] kk-payments service is active
[PASS] kk-logs service is active
[PASS] kk-payments declares After=kk-api.service
[PASS] kk-payments declares Wants=kk-api.service
[PASS] kk-api port 3000 is listening
[PASS] kk-payments port 3001 is listening
[PASS] Health JSON exists
[PASS] kk-logs can read health JSON
[PASS] Persistent journal storage exists
grep: /etc/systemd/journald.conf.d/kijanikiosk.conf: No such file or directory
[FAIL] Journal limit verification failed
[FAIL] logrotate configuration validation failed
[PASS] SSH (22) allowed
[PASS] HTTP (80) allowed
[PASS] Monitoring subnet rule exists for port 3001
[PASS] External port 3001 deny exists
[PASS] curl package hold exists

============================================================
PROVISIONING RESULT: FAIL
4 verification check(s) failed.
============================================================
