
============================================================
PHASE 1: Preflight and Dirty-State Detection
============================================================
[2026-10-02 19:01:49] Inspecting existing KijaniKiosk state...
[2026-10-02 19:01:49] Already exists: group kijanikiosk
[2026-10-02 19:01:49] Already exists: kk-api (UID 997)
[2026-10-02 19:01:49] Already exists: kk-payments (UID 994)
[2026-10-02 19:01:49] Already exists: kk-logs (UID 993)
[2026-10-02 19:01:49] Existing config directory detected with mode: 750
[2026-10-02 19:01:49] Config directory permissions already correct
[2026-10-02 19:01:49] Existing shared log directory detected
[2026-10-02 19:01:49] Existing ACL detected for kk-api
[2026-10-02 19:01:49] Existing ACL detected for kk-payments
[2026-10-02 19:01:49] Existing ACL detected for kk-logs
[2026-10-02 19:01:49] Detected held package: curl
[2026-10-02 19:01:49] Detected active UFW configuration
[2026-10-02 19:01:49] Detected stale/existing port 3001 deny rule
[2026-10-02 19:01:49] Existing systemd unit detected: kk-api.service
[2026-10-02 19:01:50] Existing systemd unit detected: kk-payments.service
[2026-10-02 19:01:50] Existing systemd unit detected: kk-logs.service

============================================================
PHASE 2: Service Accounts and Groups
============================================================
[2026-10-02 19:01:50] Already exists: group kijanikiosk
[2026-10-02 19:01:50] Already exists: kk-api
[2026-10-02 19:01:50] Already exists: kk-payments
[2026-10-02 19:01:50] Already exists: kk-logs

============================================================
PHASE 3: Directories, Permissions and ACLs
============================================================
[2026-10-02 19:01:50] Required KijaniKiosk directories exist
[2026-10-02 19:01:50] Converged config directory to root:kijanikiosk mode 750
[2026-10-02 19:01:50] Converged shared log ACL and default ACL
[2026-10-02 19:01:50] Configured health directory

============================================================
PHASE 4: Package and Version State
============================================================
[2026-10-02 19:01:50] Refreshing package metadata
Hit:1 https://apt.releases.hashicorp.com resolute InRelease
Hit:2 http://security.ubuntu.com/ubuntu resolute-security InRelease
Hit:3 https://dl.google.com/linux/chrome-stable/deb stable InRelease
Hit:4 http://archive.ubuntu.com/ubuntu resolute InRelease
Hit:5 http://archive.ubuntu.com/ubuntu resolute-updates InRelease
Hit:6 http://archive.ubuntu.com/ubuntu resolute-backports InRelease
Reading package lists...
[2026-10-02 19:01:52] Installing missing package: nginx
Reading package lists...
Building dependency tree...
Reading state information...
nginx is already the newest version (1.28.3-2ubuntu1.11).
Solving dependencies...
0 upgraded, 0 newly installed, 0 to remove and 88 not upgraded.
[2026-10-02 19:01:52] Installing missing package: curl
Reading package lists...
Building dependency tree...
Reading state information...
curl is already the newest version (8.18.0-1ubuntu2.7).
Solving dependencies...
0 upgraded, 0 newly installed, 0 to remove and 88 not upgraded.
[2026-10-02 19:01:52] Installing missing package: acl
Reading package lists...
Building dependency tree...
Reading state information...
acl is already the newest version (2.3.2-2).
acl set to manually installed.
Solving dependencies...
0 upgraded, 0 newly installed, 0 to remove and 88 not upgraded.
[2026-10-02 19:01:53] Installing missing package: logrotate
Reading package lists...
Building dependency tree...
Reading state information...
logrotate is already the newest version (3.22.0-1build1).
logrotate set to manually installed.
Solving dependencies...
0 upgraded, 0 newly installed, 0 to remove and 88 not upgraded.
[2026-10-02 19:01:53] Installing missing package: ufw
Reading package lists...
Building dependency tree...
Reading state information...
ufw is already the newest version (0.36.2-9build1).
ufw set to manually installed.
Solving dependencies...
0 upgraded, 0 newly installed, 0 to remove and 88 not upgraded.
[2026-10-02 19:01:53] Existing package hold retained: curl
[2026-10-02 19:01:53] Installed nginx version: 1.28.3-2ubuntu1.11
[2026-10-02 19:01:53] Installed curl version: 8.18.0-1ubuntu2.7

============================================================
PHASE 5: Firewall Configuration
============================================================
[2026-10-02 19:01:53] Resetting UFW to known baseline
Backing up 'user.rules' to '/etc/ufw/user.rules.20261002_190154'
Backing up 'before.rules' to '/etc/ufw/before.rules.20261002_190154'
Backing up 'after.rules' to '/etc/ufw/after.rules.20261002_190154'
Backing up 'user6.rules' to '/etc/ufw/user6.rules.20261002_190154'
Backing up 'before6.rules' to '/etc/ufw/before6.rules.20261002_190154'
Backing up 'after6.rules' to '/etc/ufw/after6.rules.20261002_190154'

Default incoming policy changed to 'deny'
(be sure to update your rules accordingly)
Default outgoing policy changed to 'allow'
(be sure to update your rules accordingly)
Rules updated
Rules updated (v6)
Rules updated
Rules updated (v6)
Rules updated
Rules updated
Rules updated (v6)
Rules updated
Rules updated (v6)
Firewall is active and enabled on system startup
[2026-10-02 19:01:55] UFW converged to intended production rules

============================================================
PHASE 6: systemd Service Units and Hardening
============================================================
[2026-10-02 19:01:55] Creating environment files
[2026-10-02 19:01:55] Environment files created with mode 640
[PASS] kk-api can read its EnvironmentFile
[PASS] kk-payments can read its EnvironmentFile
[PASS] kk-logs can read its EnvironmentFile
[PASS] kk-api is running
[PASS] kk-payments is running
[PASS] kk-logs is running

============================================================
PHASE 7: Journal Persistence and Log Rotation
============================================================
[2026-10-02 19:02:01] Configuring persistent journal storage
[PASS] Persistent journal directory exists
[PASS] Persistent journal configured with 500MB cap
[2026-10-02 19:02:01] Created KijaniKiosk logrotate configuration
[PASS] logrotate --debug passed

============================================================
PHASE 8: Monitoring Health Checks and Final Verification
============================================================
[2026-10-02 19:02:01] Health check results written to /opt/kijanikiosk/health/last-provision.json
{"timestamp":"2026-10-02T19:02:01+03:00","kk-api":"ok","kk-payments":"ok"}

============================================================
FINAL VERIFICATION
============================================================
[PASS] Service account exists: kk-api
[PASS] Service account exists: kk-payments
[PASS] Service account exists: kk-logs
[PASS] Group exists: kijanikiosk
[PASS] Config directory mode is 750
[PASS] kk-api can read api.env
[PASS] kk-payments can read payments-api.env
[PASS] kk-logs can read logs.env
[PASS] kk-api ACL exists
[PASS] kk-payments ACL exists
[PASS] kk-logs ACL exists
[PASS] Default kk-api ACL exists
[PASS] Default kk-payments ACL exists
[PASS] Default kk-logs ACL exists
[PASS] kk-api service is active
[PASS] kk-payments service is active
[PASS] kk-logs service is active
[PASS] kk-payments declares After=kk-api.service
[PASS] kk-payments declares Wants=kk-api.service
[PASS] kk-api port 3000 is listening
[PASS] kk-payments port 3001 is listening
[PASS] Health JSON exists
[PASS] kk-logs can read health JSON
[PASS] Persistent journal storage exists
[PASS] Journal persistence and 500MB cap verified
[PASS] logrotate configuration validates
[PASS] SSH (22) allowed
[PASS] HTTP (80) allowed
[PASS] Monitoring subnet rule exists for port 3001
[PASS] External port 3001 deny exists
[PASS] curl package hold exists

============================================================
PROVISIONING RESULT: PASS
All verification checks passed.
============================================================
